INFO:root:This is demo log
INFO:root:This is demo log
INFO:root:This is second demo log
INFO:root:This is demo log
INFO:root:This is second demo log
WARNING:root:This is warning
INFO:root:This is demo log
INFO:root:This is second demo log
WARNING:root:This is warning
INFO:root:This is demo log
INFO:root:This is second demo log
WARNING:root:This is warning
ERROR:root:Invalid alias: The name clear can't be aliased because it is another magic command.
ERROR:root:Invalid alias: The name more can't be aliased because it is another magic command.
ERROR:root:Invalid alias: The name less can't be aliased because it is another magic command.
ERROR:root:Invalid alias: The name man can't be aliased because it is another magic command.
